// Jest Snapshot v1, https://goo.gl/fbAQLP

exports[`<Spinner /> should render 1`] = `
<div
  className="zt-component-spinner"
/>
`;
